// Jest Snapshot v1, https://goo.gl/fbAQLP

exports[`Component: NurseQueue renders properly 1`] = `
<Provider
  store={
    Object {
      "clearActions": [Function],
      "dispatch": [Function],
      "getActions": [Function],
      "getState": [Function],
      "replaceReducer": [Function],
      "subscribe": [Function],
    }
  }
>
  <Connect(NurseQueue)
    session={
      Object {
        "sessionLocation": Object {
          "uuid": "abc",
        },
      }
    }
  >
    <NurseQueue
      dispatch={[Function]}
      patients={Object {}}
      session={
        Object {
          "sessionLocation": Object {
            "uuid": "abc",
          },
        }
      }
    >
      <div>
        <Connect(ScreeningQueue)
          dispatch={[Function]}
          filters={
            Array [
              [Function],
            ]
          }
          rowData={Array []}
          rowSelectedActionCreators={
            Array [
              [Function],
            ]
          }
          title="Nurse Queue"
        >
          <ScreeningQueue
            columnDefs={
              Array [
                Object {
                  "field": "uuid",
                  "headerName": "uuid",
                  "hide": true,
                },
                Object {
                  "autoHeight": true,
                  "cellRenderer": [Function],
                  "cellStyle": Object {
                    "line-height": "26px",
                  },
                  "getQuickFilterText": [Function],
                  "headerName": "Identifier",
                },
                Object {
                  "field": "name.givenName",
                  "headerName": "Given Name",
                },
                Object {
                  "field": "name.familyName",
                  "headerName": "Family Name",
                },
                Object {
                  "field": "gender",
                  "headerName": "Gender",
                },
                Object {
                  "field": "age",
                  "headerName": "Age",
                },
                Object {
                  "field": "address.village",
                  "headerName": "Village",
                },
                Object {
                  "headerName": "Checked-in Time",
                  "valueGetter": [Function],
                },
              ]
            }
            dispatch={[Function]}
            filters={
              Array [
                [Function],
              ]
            }
            rowData={Array []}
            rowSelectedActionCreators={
              Array [
                [Function],
              ]
            }
            session={
              Object {
                "sessionLocation": Object {
                  "uuid": "abc",
                },
              }
            }
            title="Nurse Queue"
          >
            <div>
              <List
                columnDefs={
                  Array [
                    Object {
                      "field": "uuid",
                      "headerName": "uuid",
                      "hide": true,
                    },
                    Object {
                      "autoHeight": true,
                      "cellRenderer": [Function],
                      "cellStyle": Object {
                        "line-height": "26px",
                      },
                      "getQuickFilterText": [Function],
                      "headerName": "Identifier",
                    },
                    Object {
                      "field": "name.givenName",
                      "headerName": "Given Name",
                    },
                    Object {
                      "field": "name.familyName",
                      "headerName": "Family Name",
                    },
                    Object {
                      "field": "gender",
                      "headerName": "Gender",
                    },
                    Object {
                      "field": "age",
                      "headerName": "Age",
                    },
                    Object {
                      "field": "address.village",
                      "headerName": "Village",
                    },
                    Object {
                      "headerName": "Checked-in Time",
                      "valueGetter": [Function],
                    },
                  ]
                }
                delayInterval={60000}
                fetchListActionCreator={[Function]}
                filters={
                  Array [
                    [Function],
                    [Function],
                  ]
                }
                onMountOtherActionCreators={
                  Array [
                    [Function],
                  ]
                }
                optionalFilters={
                  Array [
                    Object {
                      "enabled": false,
                      "filter": [Function],
                      "key": "art",
                      "label": "ART",
                    },
                    Object {
                      "enabled": false,
                      "filter": [Function],
                      "key": "eid",
                      "label": "EID",
                    },
                    Object {
                      "enabled": false,
                      "filter": [Function],
                      "key": "ncd",
                      "label": "NCD",
                    },
                  ]
                }
                rowData={Array []}
                rowSelectedActionCreators={
                  Array [
                    [Function],
                    [Function],
                  ]
                }
                title="Nurse Queue"
              >
                <div>
                  <h3>
                    <Label
                      bsClass="label"
                      bsStyle="default"
                    >
                      <span
                        className="label label-default"
                      >
                        Nurse Queue
                      </span>
                    </Label>
                  </h3>
                  <h3>
                    <Label
                      bsClass="label"
                      bsStyle="default"
                    >
                      <span
                        className="label label-default hidden"
                      />
                    </Label>
                  </h3>
                  <Grid
                    bsClass="container"
                    componentClass="div"
                    fluid={false}
                  >
                    <div
                      className="container"
                    >
                      <Row
                        bsClass="row"
                        componentClass="div"
                      >
                        <div
                          className="row"
                        >
                          <Col
                            bsClass="col"
                            componentClass="div"
                            sm={1}
                          >
                            <div
                              className="col-sm-1"
                            >
                              <Checkbox
                                bsClass="checkbox"
                                disabled={false}
                                inline={false}
                                onChange={[Function]}
                                title=""
                              >
                                <div
                                  className="checkbox"
                                >
                                  <label
                                    title=""
                                  >
                                    <input
                                      disabled={false}
                                      onChange={[Function]}
                                      type="checkbox"
                                    />
                                    ART
                                  </label>
                                </div>
                              </Checkbox>
                            </div>
                          </Col>
                          <Col
                            bsClass="col"
                            componentClass="div"
                            sm={1}
                          >
                            <div
                              className="col-sm-1"
                            >
                              <Checkbox
                                bsClass="checkbox"
                                disabled={false}
                                inline={false}
                                onChange={[Function]}
                                title=""
                              >
                                <div
                                  className="checkbox"
                                >
                                  <label
                                    title=""
                                  >
                                    <input
                                      disabled={false}
                                      onChange={[Function]}
                                      type="checkbox"
                                    />
                                    EID
                                  </label>
                                </div>
                              </Checkbox>
                            </div>
                          </Col>
                          <Col
                            bsClass="col"
                            componentClass="div"
                            sm={1}
                          >
                            <div
                              className="col-sm-1"
                            >
                              <Checkbox
                                bsClass="checkbox"
                                disabled={false}
                                inline={false}
                                onChange={[Function]}
                                title=""
                              >
                                <div
                                  className="checkbox"
                                >
                                  <label
                                    title=""
                                  >
                                    <input
                                      disabled={false}
                                      onChange={[Function]}
                                      type="checkbox"
                                    />
                                    NCD
                                  </label>
                                </div>
                              </Checkbox>
                            </div>
                          </Col>
                        </div>
                      </Row>
                    </div>
                  </Grid>
                  <Connect(DataGrid)
                    columnDefs={
                      Array [
                        Object {
                          "field": "uuid",
                          "headerName": "uuid",
                          "hide": true,
                        },
                        Object {
                          "autoHeight": true,
                          "cellRenderer": [Function],
                          "cellStyle": Object {
                            "line-height": "26px",
                          },
                          "getQuickFilterText": [Function],
                          "headerName": "Identifier",
                        },
                        Object {
                          "field": "name.givenName",
                          "headerName": "Given Name",
                        },
                        Object {
                          "field": "name.familyName",
                          "headerName": "Family Name",
                        },
                        Object {
                          "field": "gender",
                          "headerName": "Gender",
                        },
                        Object {
                          "field": "age",
                          "headerName": "Age",
                        },
                        Object {
                          "field": "address.village",
                          "headerName": "Village",
                        },
                        Object {
                          "headerName": "Checked-in Time",
                          "valueGetter": [Function],
                        },
                      ]
                    }
                    rowData={Array []}
                    rowSelectedActionCreators={
                      Array [
                        [Function],
                        [Function],
                      ]
                    }
                  >
                    <DataGrid
                      columnDefs={
                        Array [
                          Object {
                            "field": "uuid",
                            "headerName": "uuid",
                            "hide": true,
                          },
                          Object {
                            "autoHeight": true,
                            "cellRenderer": [Function],
                            "cellStyle": Object {
                              "line-height": "26px",
                            },
                            "getQuickFilterText": [Function],
                            "headerName": "Identifier",
                          },
                          Object {
                            "field": "name.givenName",
                            "headerName": "Given Name",
                          },
                          Object {
                            "field": "name.familyName",
                            "headerName": "Family Name",
                          },
                          Object {
                            "field": "gender",
                            "headerName": "Gender",
                          },
                          Object {
                            "field": "age",
                            "headerName": "Age",
                          },
                          Object {
                            "field": "address.village",
                            "headerName": "Village",
                          },
                          Object {
                            "headerName": "Checked-in Time",
                            "valueGetter": [Function],
                          },
                        ]
                      }
                      dispatch={[Function]}
                      rowData={Array []}
                      rowSelectedActionCreators={
                        Array [
                          [Function],
                          [Function],
                        ]
                      }
                    >
                      <div
                        className="grid-wrapper"
                        id="omrsGrid"
                      >
                        <label>
                          Search: 
                           
                          <input
                            onChange={[Function]}
                            type="text"
                          />
                        </label>
                        <AgGridReact
                          animateRows={true}
                          columnDefs={
                            Array [
                              Object {
                                "field": "uuid",
                                "headerName": "uuid",
                                "hide": true,
                              },
                              Object {
                                "autoHeight": true,
                                "cellRenderer": [Function],
                                "cellStyle": Object {
                                  "line-height": "26px",
                                },
                                "getQuickFilterText": [Function],
                                "headerName": "Identifier",
                              },
                              Object {
                                "field": "name.givenName",
                                "headerName": "Given Name",
                              },
                              Object {
                                "field": "name.familyName",
                                "headerName": "Family Name",
                              },
                              Object {
                                "field": "gender",
                                "headerName": "Gender",
                              },
                              Object {
                                "field": "age",
                                "headerName": "Age",
                              },
                              Object {
                                "field": "address.village",
                                "headerName": "Village",
                              },
                              Object {
                                "headerName": "Checked-in Time",
                                "valueGetter": [Function],
                              },
                            ]
                          }
                          enableFiltering={true}
                          enableSorting={true}
                          id="omrsGrid"
                          onFilterChanged={[Function]}
                          onGridReady={[Function]}
                          onGridSizeChanged={[Function]}
                          onRowDataChanged={[Function]}
                          onSelectionChanged={[Function]}
                          rowClassRules="rowClassRules"
                          rowData={Array []}
                          rowSelection="single"
                          style="width: 100%; height: 100%;"
                        >
                          <div
                            style={
                              Object {
                                "height": "100%",
                              }
                            }
                          />
                        </AgGridReact>
                      </div>
                    </DataGrid>
                  </Connect(DataGrid)>
                </div>
              </List>
            </div>
          </ScreeningQueue>
        </Connect(ScreeningQueue)>
      </div>
    </NurseQueue>
  </Connect(NurseQueue)>
</Provider>
`;
