// Jest Snapshot v1, https://goo.gl/fbAQLP

exports[`Component: NutritionForm renders properly 1`] = `
<Provider
  store={
    Object {
      "clearActions": [Function],
      "dispatch": [Function],
      "getActions": [Function],
      "getState": [Function],
      "replaceReducer": [Function],
      "subscribe": [Function],
    }
  }
>
  <MockRouter
    createHref={[Function]}
    location=""
    params={Object {}}
    path=""
    push={[Function]}
    replace={[Function]}
    url=""
  >
    <Connect(NutritionForm)>
      <NutritionForm
        bmi={null}
        bmiStyle={
          Object {
            "alert": "default",
            "message": "None",
          }
        }
        dispatch={[Function]}
        malnutrition={null}
        patient={
          Object {
            "uuid": "abc",
            "visit": Object {
              "uuid": "def",
            },
          }
        }
      >
        <Connect(ScreeningForm)
          encounterType={
            Object {
              "uuid": "6265F6BC-EBC0-4181-91F3-28B70BBFDB61",
            }
          }
          formContent={
            <Grid
              bsClass="container"
              componentClass="div"
              fluid={false}
            >
              <Row
                bsClass="row"
                componentClass="div"
              >
                <FormGroup
                  bsClass="form-group"
                  controlId="formWeight"
                >
                  <Col
                    bsClass="col"
                    componentClass={[Function]}
                    sm={2}
                  >
                    Weight
                  </Col>
                  <Col
                    bsClass="col"
                    componentClass="div"
                    sm={2}
                  >
                    <WithObsGroupContext(WithFormContext(Connect(Obs)))
                      concept="6569c44a-977f-11e1-8993-905e29aff6c1"
                      path="weight"
                      placeholder="weight in kg"
                      validate={
                        Array [
                          [Function],
                          [Function],
                        ]
                      }
                    />
                  </Col>
                  <Col
                    bsClass="col"
                    componentClass={[Function]}
                    sm={2}
                    style={
                      Object {
                        "textAlign": "left",
                      }
                    }
                  >
                    Kg
                  </Col>
                </FormGroup>
              </Row>
              <Row
                bsClass="row"
                componentClass="div"
              >
                <FormGroup
                  bsClass="form-group"
                  controlId="formHeight"
                >
                  <Col
                    bsClass="col"
                    componentClass={[Function]}
                    sm={2}
                  >
                    Height
                  </Col>
                  <Col
                    bsClass="col"
                    componentClass="div"
                    sm={2}
                  >
                    <WithObsGroupContext(WithFormContext(Connect(Obs)))
                      concept="6569c562-977f-11e1-8993-905e29aff6c1"
                      path="height"
                      placeholder="height in cm"
                    />
                  </Col>
                  <Col
                    bsClass="col"
                    componentClass={[Function]}
                    sm={2}
                    style={
                      Object {
                        "textAlign": "left",
                      }
                    }
                  >
                    cm
                  </Col>
                </FormGroup>
              </Row>
              <Row
                bsClass="row"
                componentClass="div"
              >
                <Col
                  bsClass="col"
                  componentClass="div"
                  md={20}
                  sm={20}
                  style={
                    Object {
                      "height": "40px",
                    }
                  }
                >
                  <span>
                    <h1 />
                  </span>
                </Col>
              </Row>
            </Grid>
          }
          formId="nutrition-form"
          formInstanceId="nutrition-form"
          title="Nutrition"
        >
          <ScreeningForm
            dispatch={[Function]}
            encounterType={
              Object {
                "uuid": "6265F6BC-EBC0-4181-91F3-28B70BBFDB61",
              }
            }
            formContent={
              <Grid
                bsClass="container"
                componentClass="div"
                fluid={false}
              >
                <Row
                  bsClass="row"
                  componentClass="div"
                >
                  <FormGroup
                    bsClass="form-group"
                    controlId="formWeight"
                  >
                    <Col
                      bsClass="col"
                      componentClass={[Function]}
                      sm={2}
                    >
                      Weight
                    </Col>
                    <Col
                      bsClass="col"
                      componentClass="div"
                      sm={2}
                    >
                      <WithObsGroupContext(WithFormContext(Connect(Obs)))
                        concept="6569c44a-977f-11e1-8993-905e29aff6c1"
                        path="weight"
                        placeholder="weight in kg"
                        validate={
                          Array [
                            [Function],
                            [Function],
                          ]
                        }
                      />
                    </Col>
                    <Col
                      bsClass="col"
                      componentClass={[Function]}
                      sm={2}
                      style={
                        Object {
                          "textAlign": "left",
                        }
                      }
                    >
                      Kg
                    </Col>
                  </FormGroup>
                </Row>
                <Row
                  bsClass="row"
                  componentClass="div"
                >
                  <FormGroup
                    bsClass="form-group"
                    controlId="formHeight"
                  >
                    <Col
                      bsClass="col"
                      componentClass={[Function]}
                      sm={2}
                    >
                      Height
                    </Col>
                    <Col
                      bsClass="col"
                      componentClass="div"
                      sm={2}
                    >
                      <WithObsGroupContext(WithFormContext(Connect(Obs)))
                        concept="6569c562-977f-11e1-8993-905e29aff6c1"
                        path="height"
                        placeholder="height in cm"
                      />
                    </Col>
                    <Col
                      bsClass="col"
                      componentClass={[Function]}
                      sm={2}
                      style={
                        Object {
                          "textAlign": "left",
                        }
                      }
                    >
                      cm
                    </Col>
                  </FormGroup>
                </Row>
                <Row
                  bsClass="row"
                  componentClass="div"
                >
                  <Col
                    bsClass="col"
                    componentClass="div"
                    md={20}
                    sm={20}
                    style={
                      Object {
                        "height": "40px",
                      }
                    }
                  >
                    <span>
                      <h1 />
                    </span>
                  </Col>
                </Row>
              </Grid>
            }
            formId="nutrition-form"
            formInstanceId="nutrition-form"
            patient={
              Object {
                "uuid": "abc",
                "visit": Object {
                  "uuid": "def",
                },
              }
            }
            title="Nutrition"
          >
            <Connect(EncounterFormPage)
              encounterRole={
                Object {
                  "uuid": "a0b03050-c99b-11e0-9572-0800200c9a66",
                }
              }
              encounterType={
                Object {
                  "uuid": "6265F6BC-EBC0-4181-91F3-28B70BBFDB61",
                }
              }
              formContent={
                <Grid
                  bsClass="container"
                  componentClass="div"
                  fluid={false}
                >
                  <Row
                    bsClass="row"
                    componentClass="div"
                  >
                    <FormGroup
                      bsClass="form-group"
                      controlId="formWeight"
                    >
                      <Col
                        bsClass="col"
                        componentClass={[Function]}
                        sm={2}
                      >
                        Weight
                      </Col>
                      <Col
                        bsClass="col"
                        componentClass="div"
                        sm={2}
                      >
                        <WithObsGroupContext(WithFormContext(Connect(Obs)))
                          concept="6569c44a-977f-11e1-8993-905e29aff6c1"
                          path="weight"
                          placeholder="weight in kg"
                          validate={
                            Array [
                              [Function],
                              [Function],
                            ]
                          }
                        />
                      </Col>
                      <Col
                        bsClass="col"
                        componentClass={[Function]}
                        sm={2}
                        style={
                          Object {
                            "textAlign": "left",
                          }
                        }
                      >
                        Kg
                      </Col>
                    </FormGroup>
                  </Row>
                  <Row
                    bsClass="row"
                    componentClass="div"
                  >
                    <FormGroup
                      bsClass="form-group"
                      controlId="formHeight"
                    >
                      <Col
                        bsClass="col"
                        componentClass={[Function]}
                        sm={2}
                      >
                        Height
                      </Col>
                      <Col
                        bsClass="col"
                        componentClass="div"
                        sm={2}
                      >
                        <WithObsGroupContext(WithFormContext(Connect(Obs)))
                          concept="6569c562-977f-11e1-8993-905e29aff6c1"
                          path="height"
                          placeholder="height in cm"
                        />
                      </Col>
                      <Col
                        bsClass="col"
                        componentClass={[Function]}
                        sm={2}
                        style={
                          Object {
                            "textAlign": "left",
                          }
                        }
                      >
                        cm
                      </Col>
                    </FormGroup>
                  </Row>
                  <Row
                    bsClass="row"
                    componentClass="div"
                  >
                    <Col
                      bsClass="col"
                      componentClass="div"
                      md={20}
                      sm={20}
                      style={
                        Object {
                          "height": "40px",
                        }
                      }
                    >
                      <span>
                        <h1 />
                      </span>
                    </Col>
                  </Row>
                </Grid>
              }
              formId="nutrition-form"
              formInstanceId="nutrition-form"
              formSubmittedActionCreators={
                Array [
                  [Function],
                ]
              }
              title="Nutrition"
            >
              <EncounterFormPage
                dispatch={[Function]}
                encounterRole={
                  Object {
                    "uuid": "a0b03050-c99b-11e0-9572-0800200c9a66",
                  }
                }
                encounterType={
                  Object {
                    "uuid": "6265F6BC-EBC0-4181-91F3-28B70BBFDB61",
                  }
                }
                formContent={
                  <Grid
                    bsClass="container"
                    componentClass="div"
                    fluid={false}
                  >
                    <Row
                      bsClass="row"
                      componentClass="div"
                    >
                      <FormGroup
                        bsClass="form-group"
                        controlId="formWeight"
                      >
                        <Col
                          bsClass="col"
                          componentClass={[Function]}
                          sm={2}
                        >
                          Weight
                        </Col>
                        <Col
                          bsClass="col"
                          componentClass="div"
                          sm={2}
                        >
                          <WithObsGroupContext(WithFormContext(Connect(Obs)))
                            concept="6569c44a-977f-11e1-8993-905e29aff6c1"
                            path="weight"
                            placeholder="weight in kg"
                            validate={
                              Array [
                                [Function],
                                [Function],
                              ]
                            }
                          />
                        </Col>
                        <Col
                          bsClass="col"
                          componentClass={[Function]}
                          sm={2}
                          style={
                            Object {
                              "textAlign": "left",
                            }
                          }
                        >
                          Kg
                        </Col>
                      </FormGroup>
                    </Row>
                    <Row
                      bsClass="row"
                      componentClass="div"
                    >
                      <FormGroup
                        bsClass="form-group"
                        controlId="formHeight"
                      >
                        <Col
                          bsClass="col"
                          componentClass={[Function]}
                          sm={2}
                        >
                          Height
                        </Col>
                        <Col
                          bsClass="col"
                          componentClass="div"
                          sm={2}
                        >
                          <WithObsGroupContext(WithFormContext(Connect(Obs)))
                            concept="6569c562-977f-11e1-8993-905e29aff6c1"
                            path="height"
                            placeholder="height in cm"
                          />
                        </Col>
                        <Col
                          bsClass="col"
                          componentClass={[Function]}
                          sm={2}
                          style={
                            Object {
                              "textAlign": "left",
                            }
                          }
                        >
                          cm
                        </Col>
                      </FormGroup>
                    </Row>
                    <Row
                      bsClass="row"
                      componentClass="div"
                    >
                      <Col
                        bsClass="col"
                        componentClass="div"
                        md={20}
                        sm={20}
                        style={
                          Object {
                            "height": "40px",
                          }
                        }
                      >
                        <span>
                          <h1 />
                        </span>
                      </Col>
                    </Row>
                  </Grid>
                }
                formId="nutrition-form"
                formInstanceId="nutrition-form"
                formSubmittedActionCreators={
                  Array [
                    [Function],
                  ]
                }
                patient={
                  Object {
                    "uuid": "abc",
                    "visit": Object {
                      "uuid": "def",
                    },
                  }
                }
                title="Nutrition"
              >
                <div
                  style={
                    Object {
                      "paddingLeft": "0px",
                      "paddingRight": "0px",
                    }
                  }
                >
                  <Grid
                    bsClass="container"
                    componentClass="div"
                    fluid={false}
                    style={
                      Object {
                        "paddingLeft": "0px",
                        "paddingRight": "0px",
                      }
                    }
                  >
                    <div
                      className="container"
                      style={
                        Object {
                          "paddingLeft": "0px",
                          "paddingRight": "0px",
                        }
                      }
                    >
                      <Row
                        bsClass="row"
                        componentClass="div"
                        style={
                          Object {
                            "backgroundColor": "#ffa500b3",
                          }
                        }
                      >
                        <div
                          className="row"
                          style={
                            Object {
                              "backgroundColor": "#ffa500b3",
                            }
                          }
                        >
                          <Col
                            bsClass="col"
                            componentClass="div"
                            md={20}
                            sm={20}
                            style={
                              Object {
                                "paddingLeft": "20px",
                              }
                            }
                          >
                            <div
                              className="col-md-20 col-sm-20"
                              style={
                                Object {
                                  "paddingLeft": "20px",
                                }
                              }
                            >
                              <span>
                                <h1>
                                  Nutrition
                                </h1>
                              </span>
                            </div>
                          </Col>
                        </div>
                      </Row>
                      <Row
                        bsClass="row"
                        componentClass="div"
                      >
                        <div
                          className="row"
                        >
                          <Col
                            bsClass="col"
                            componentClass="div"
                            md={20}
                            sm={20}
                            style={
                              Object {
                                "height": "40px",
                              }
                            }
                          >
                            <div
                              className="col-md-20 col-sm-20"
                              style={
                                Object {
                                  "height": "40px",
                                }
                              }
                            >
                              <span>
                                <h1 />
                              </span>
                            </div>
                          </Col>
                        </div>
                      </Row>
                    </div>
                  </Grid>
                  <Loader>
                    <div
                      className="custom-loader"
                    >
                      <div />
                      <div />
                      <div />
                      <div />
                      <div />
                      <div />
                      <div />
                      <div />
                      <div />
                      <div />
                      <div />
                      <div />
                    </div>
                  </Loader>
                </div>
              </EncounterFormPage>
            </Connect(EncounterFormPage)>
          </ScreeningForm>
        </Connect(ScreeningForm)>
      </NutritionForm>
    </Connect(NutritionForm)>
  </MockRouter>
</Provider>
`;
