// Jest Snapshot v1, https://goo.gl/fbAQLP

exports[`Component: NutritionQueue renders properly 1`] = `
<Provider
  store={
    Object {
      "clearActions": [Function],
      "dispatch": [Function],
      "getActions": [Function],
      "getState": [Function],
      "replaceReducer": [Function],
      "subscribe": [Function],
    }
  }
>
  <Connect(NutritionQueue)
    session={
      Object {
        "sessionLocation": Object {
          "uuid": "abc",
        },
      }
    }
  >
    <NutritionQueue
      dispatch={[Function]}
      patients={Array []}
      session={
        Object {
          "sessionLocation": Object {
            "uuid": "abc",
          },
        }
      }
    >
      <div>
        <Connect(ScreeningQueue)
          dispatch={[Function]}
          filters={
            Array [
              [Function],
            ]
          }
          rowData={Array []}
          rowSelectedActionCreators={
            Array [
              [Function],
            ]
          }
          title="Nutrition Queue"
        >
          <ScreeningQueue
            columnDefs={
              Array [
                Object {
                  "field": "uuid",
                  "headerName": "uuid",
                  "hide": true,
                },
                Object {
                  "autoHeight": true,
                  "cellRenderer": [Function],
                  "headerName": "Id",
                },
                Object {
                  "field": "name.givenName",
                  "headerName": "Given Name",
                },
                Object {
                  "field": "name.familyName",
                  "headerName": "Family Name",
                },
                Object {
                  "field": "gender",
                  "headerName": "Gender",
                },
                Object {
                  "field": "age",
                  "headerName": "Age",
                },
                Object {
                  "headerName": "Checked-in Time",
                  "valueGetter": [Function],
                },
              ]
            }
            dispatch={[Function]}
            filters={
              Array [
                [Function],
              ]
            }
            rowData={Array []}
            rowSelectedActionCreators={
              Array [
                [Function],
              ]
            }
            session={
              Object {
                "sessionLocation": Object {
                  "uuid": "abc",
                },
              }
            }
            title="Nutrition Queue"
          >
            <div>
              <List
                columnDefs={
                  Array [
                    Object {
                      "field": "uuid",
                      "headerName": "uuid",
                      "hide": true,
                    },
                    Object {
                      "autoHeight": true,
                      "cellRenderer": [Function],
                      "headerName": "Id",
                    },
                    Object {
                      "field": "name.givenName",
                      "headerName": "Given Name",
                    },
                    Object {
                      "field": "name.familyName",
                      "headerName": "Family Name",
                    },
                    Object {
                      "field": "gender",
                      "headerName": "Gender",
                    },
                    Object {
                      "field": "age",
                      "headerName": "Age",
                    },
                    Object {
                      "headerName": "Checked-in Time",
                      "valueGetter": [Function],
                    },
                  ]
                }
                delayInterval={10000}
                fetchListActionCreator={[Function]}
                filters={
                  Array [
                    [Function],
                    [Function],
                  ]
                }
                onMountOtherActionCreators={
                  Array [
                    [Function],
                  ]
                }
                rowData={Array []}
                rowSelectedActionCreators={
                  Array [
                    [Function],
                  ]
                }
                title="Nutrition Queue"
              >
                <div>
                  <h3>
                    <Label
                      bsClass="label"
                      bsStyle="default"
                    >
                      <span
                        className="label label-default"
                      >
                        Nutrition Queue
                      </span>
                    </Label>
                  </h3>
                  <Connect(DataGrid)
                    columnDefs={
                      Array [
                        Object {
                          "field": "uuid",
                          "headerName": "uuid",
                          "hide": true,
                        },
                        Object {
                          "autoHeight": true,
                          "cellRenderer": [Function],
                          "headerName": "Id",
                        },
                        Object {
                          "field": "name.givenName",
                          "headerName": "Given Name",
                        },
                        Object {
                          "field": "name.familyName",
                          "headerName": "Family Name",
                        },
                        Object {
                          "field": "gender",
                          "headerName": "Gender",
                        },
                        Object {
                          "field": "age",
                          "headerName": "Age",
                        },
                        Object {
                          "headerName": "Checked-in Time",
                          "valueGetter": [Function],
                        },
                      ]
                    }
                    rowData={Array []}
                    rowSelectedActionCreators={
                      Array [
                        [Function],
                      ]
                    }
                  >
                    <DataGrid
                      columnDefs={
                        Array [
                          Object {
                            "field": "uuid",
                            "headerName": "uuid",
                            "hide": true,
                          },
                          Object {
                            "autoHeight": true,
                            "cellRenderer": [Function],
                            "headerName": "Id",
                          },
                          Object {
                            "field": "name.givenName",
                            "headerName": "Given Name",
                          },
                          Object {
                            "field": "name.familyName",
                            "headerName": "Family Name",
                          },
                          Object {
                            "field": "gender",
                            "headerName": "Gender",
                          },
                          Object {
                            "field": "age",
                            "headerName": "Age",
                          },
                          Object {
                            "headerName": "Checked-in Time",
                            "valueGetter": [Function],
                          },
                        ]
                      }
                      dispatch={[Function]}
                      rowData={Array []}
                      rowSelectedActionCreators={
                        Array [
                          [Function],
                        ]
                      }
                    >
                      <div
                        id="omrsGrid"
                        style={
                          Object {
                            "height": "600px",
                          }
                        }
                      >
                        <label>
                          Search:
                          <input
                            onChange={[Function]}
                            type="text"
                          />
                        </label>
                        <AgGridReact
                          animateRows={true}
                          columnDefs={
                            Array [
                              Object {
                                "field": "uuid",
                                "headerName": "uuid",
                                "hide": true,
                              },
                              Object {
                                "autoHeight": true,
                                "cellRenderer": [Function],
                                "headerName": "Id",
                              },
                              Object {
                                "field": "name.givenName",
                                "headerName": "Given Name",
                              },
                              Object {
                                "field": "name.familyName",
                                "headerName": "Family Name",
                              },
                              Object {
                                "field": "gender",
                                "headerName": "Gender",
                              },
                              Object {
                                "field": "age",
                                "headerName": "Age",
                              },
                              Object {
                                "headerName": "Checked-in Time",
                                "valueGetter": [Function],
                              },
                            ]
                          }
                          enableFiltering={true}
                          enableSorting={true}
                          id="omrsGrid"
                          onFilterChanged={[Function]}
                          onGridReady={[Function]}
                          onRowDataChanged={[Function]}
                          onSelectionChanged={[Function]}
                          rowClassRules="rowClassRules"
                          rowData={Array []}
                          rowSelection="single"
                        >
                          <div
                            style={
                              Object {
                                "height": "100%",
                              }
                            }
                          />
                        </AgGridReact>
                      </div>
                    </DataGrid>
                  </Connect(DataGrid)>
                </div>
              </List>
            </div>
          </ScreeningQueue>
        </Connect(ScreeningQueue)>
      </div>
    </NutritionQueue>
  </Connect(NutritionQueue)>
</Provider>
`;
