// Jest Snapshot v1, https://goo.gl/fbAQLP

exports[`Component: CheckInQueue renders properly 1`] = `
<Provider
  store={
    Object {
      "clearActions": [Function],
      "dispatch": [Function],
      "getActions": [Function],
      "getState": [Function],
      "replaceReducer": [Function],
      "subscribe": [Function],
    }
  }
>
  <Connect(CheckInQueue)>
    <CheckInQueue
      dispatch={[Function]}
      representation="custom:(uuid,id,display,identifiers:(uuid,identifier,identifierType:(uuid),preferred),person:(uuid,display,gender,age,birthdate,birthdateEstimated,dead,deathDate,causeOfDeath,names,preferredName,addresses,attributes))"
      rowData={Array []}
    >
      <div>
        <Connect(DataGrid)
          columnDefs={
            Array [
              Object {
                "field": "uuid",
                "headerName": "uuid",
                "hide": true,
              },
              Object {
                "headerName": "Id",
                "valueGetter": "data.identifiers[0].identifier",
              },
              Object {
                "field": "name.givenName",
                "headerName": "Given Name",
              },
              Object {
                "field": "name.familyName",
                "headerName": "Family Name",
              },
              Object {
                "field": "gender",
                "headerName": "Gender",
              },
              Object {
                "field": "age",
                "headerName": "Age",
              },
              Object {
                "headerName": "Checked-in Time",
                "valueGetter": [Function],
              },
            ]
          }
          rowData={Array []}
          rowSelectedActionCreators={
            Array [
              [Function],
            ]
          }
        >
          <DataGrid
            columnDefs={
              Array [
                Object {
                  "field": "uuid",
                  "headerName": "uuid",
                  "hide": true,
                },
                Object {
                  "headerName": "Id",
                  "valueGetter": "data.identifiers[0].identifier",
                },
                Object {
                  "field": "name.givenName",
                  "headerName": "Given Name",
                },
                Object {
                  "field": "name.familyName",
                  "headerName": "Family Name",
                },
                Object {
                  "field": "gender",
                  "headerName": "Gender",
                },
                Object {
                  "field": "age",
                  "headerName": "Age",
                },
                Object {
                  "headerName": "Checked-in Time",
                  "valueGetter": [Function],
                },
              ]
            }
            dispatch={[Function]}
            rowData={Array []}
            rowSelectedActionCreators={
              Array [
                [Function],
              ]
            }
          >
            <div
              style={
                Object {
                  "height": "600px",
                  "width": "100%",
                }
              }
            >
              <label>
                Search:
                <input
                  onChange={[Function]}
                  type="text"
                />
              </label>
              <AgGridReact
                columnDefs={
                  Array [
                    Object {
                      "field": "uuid",
                      "headerName": "uuid",
                      "hide": true,
                    },
                    Object {
                      "headerName": "Id",
                      "valueGetter": "data.identifiers[0].identifier",
                    },
                    Object {
                      "field": "name.givenName",
                      "headerName": "Given Name",
                    },
                    Object {
                      "field": "name.familyName",
                      "headerName": "Family Name",
                    },
                    Object {
                      "field": "gender",
                      "headerName": "Gender",
                    },
                    Object {
                      "field": "age",
                      "headerName": "Age",
                    },
                    Object {
                      "headerName": "Checked-in Time",
                      "valueGetter": [Function],
                    },
                  ]
                }
                enableSorting={true}
                id="omrsGrid"
                onGridReady={[Function]}
                onSelectionChanged={[Function]}
                rowClassRules="rowClassRules"
                rowData={Array []}
                rowSelection="single"
              >
                <div
                  style={
                    Object {
                      "height": "100%",
                    }
                  }
                />
              </AgGridReact>
            </div>
          </DataGrid>
        </Connect(DataGrid)>
      </div>
    </CheckInQueue>
  </Connect(CheckInQueue)>
</Provider>
`;
