// Jest Snapshot v1, https://goo.gl/fbAQLP

exports[`Component: searchPatient renders properly 1`] = `<Connect(SearchPatient) />`;
